The target system is: Android - 1 - armv7-a
The host system is: Linux - 6.17.0-1018-azure - x86_64
Compiling the C compiler identification source file "CMakeCCompilerId.c" succeeded.
Compiler: /usr/local/lib/android/sdk/ndk/26.2.11394342/toolchains/llvm/prebuilt/linux-x86_64/bin/clang 
Build flags: -g;-DANDROID;-fdata-sections;-ffunction-sections;-funwind-tables;-fstack-protector-strong;-no-canonical-prefixes;-D_FORTIFY_SOURCE=2;-march=armv7-a;-mthumb;-Wformat;-Werror=format-security;
Id flags: -c;--target=armv7-none-linux-androideabi26 

The output was:
0


Compilation of the C compiler identification source "CMakeCCompilerId.c" produced "CMakeCCompilerId.o"

The C compiler identification is Clang, found in "/home/runner/work/GS-SAMP/GS-SAMP/app/.cxx/RelWithDebInfo/2o128314/armeabi-v7a/CMakeFiles/3.22.1-g37088a8/CompilerIdC/CMakeCCompilerId.o"

Compiling the CXX compiler identification source file "CMakeCXXCompilerId.cpp" succeeded.
Compiler: /usr/local/lib/android/sdk/ndk/26.2.11394342/toolchains/llvm/prebuilt/linux-x86_64/bin/clang++ 
Build flags: -g;-DANDROID;-fdata-sections;-ffunction-sections;-funwind-tables;-fstack-protector-strong;-no-canonical-prefixes;-D_FORTIFY_SOURCE=2;-march=armv7-a;-mthumb;-Wformat;-Werror=format-security;;
Id flags: -c;--target=armv7-none-linux-androideabi26 

The output was:
0


Compilation of the CXX compiler identification source "CMakeCXXCompilerId.cpp" produced "CMakeCXXCompilerId.o"

The CXX compiler identification is Clang, found in "/home/runner/work/GS-SAMP/GS-SAMP/app/.cxx/RelWithDebInfo/2o128314/armeabi-v7a/CMakeFiles/3.22.1-g37088a8/CompilerIdCXX/CMakeCXXCompilerId.o"

Detecting C compiler ABI info compiled with the following output:
Change Dir: /home/runner/work/GS-SAMP/GS-SAMP/app/.cxx/RelWithDebInfo/2o128314/armeabi-v7a/CMakeFiles/CMakeTmp

Run Build Command(s):/usr/local/lib/android/sdk/cmake/3.22.1/bin/ninja cmTC_45a3b && [1/2] Building C object CMakeFiles/cmTC_45a3b.dir/CMakeCCompilerABI.c.o
Android (11349228, +pgo, +bolt, +lto, -mlgo, based on r487747e) clang version 17.0.2 (https://android.googlesource.com/toolchain/llvm-project d9f89f4d16663d5012e5c09495f3b30ece3d2362)
Target: armv7-none-linux-android26
Thread model: posix
InstalledDir: /usr/local/lib/android/sdk/ndk/26.2.11394342/toolchains/llvm/prebuilt/linux-x86_64/bin
 (in-process)
 "/usr/local/lib/android/sdk/ndk/26.2.11394342/toolchains/llvm/prebuilt/linux-x86_64/bin/clang" -cc1 -triple thumbv7-none-linux-android26 -emit-obj -mrelax-all -disable-free -clear-ast-before-backend -disable-llvm-verifier -discard-value-names -main-file-name CMakeCCompilerABI.c -mrelocation-model pic -pic-level 2 -pic-is-pie -mframe-pointer=all -ffp-contract=on -fno-rounding-math -mconstructor-aliases -funwind-tables=1 -target-cpu generic -target-feature +soft-float-abi -target-feature +vfp2 -target-feature +vfp2sp -target-feature +vfp3 -target-feature +vfp3d16 -target-feature +vfp3d16sp -target-feature +vfp3sp -target-feature -fp16 -target-feature -vfp4 -target-feature -vfp4d16 -target-feature -vfp4d16sp -target-feature -vfp4sp -target-feature -fp-armv8 -target-feature -fp-armv8d16 -target-feature -fp-armv8d16sp -target-feature -fp-armv8sp -target-feature -fullfp16 -target-feature +fp64 -target-feature +d32 -target-feature +neon -target-feature -sha2 -target-feature -aes -target-feature -fp16fml -target-abi aapcs-linux -mfloat-abi soft -mllvm -treat-scalable-fixed-error-as-warning -debug-info-kind=constructor -dwarf-version=4 -debugger-tuning=gdb -v -ffunction-sections -fdata-sections -fcoverage-compilation-dir=/home/runner/work/GS-SAMP/GS-SAMP/app/.cxx/RelWithDebInfo/2o128314/armeabi-v7a/CMakeFiles/CMakeTmp -resource-dir /usr/local/lib/android/sdk/ndk/26.2.11394342/toolchains/llvm/prebuilt/linux-x86_64/lib/clang/17 -dependency-file CMakeFiles/cmTC_45a3b.dir/CMakeCCompilerABI.c.o.d -MT CMakeFiles/cmTC_45a3b.dir/CMakeCCompilerABI.c.o -sys-header-deps -D ANDROID -D _FORTIFY_SOURCE=2 -isysroot /usr/local/lib/android/sdk/ndk/26.2.11394342/toolchains/llvm/prebuilt/linux-x86_64/sysroot -internal-isystem /usr/local/lib/android/sdk/ndk/26.2.11394342/toolchains/llvm/prebuilt/linux-x86_64/lib/clang/17/include -internal-isystem /usr/local/lib/android/sdk/ndk/26.2.11394342/toolchains/llvm/prebuilt/linux-x86_64/sysroot/usr/local/include -internal-externc-isystem /usr/local/lib/android/sdk/ndk/26.2.11394342/toolchains/llvm/prebuilt/linux-x86_64/sysroot/usr/include/arm-linux-androideabi -internal-externc-isystem /usr/local/lib/android/sdk/ndk/26.2.11394342/toolchains/llvm/prebuilt/linux-x86_64/sysroot/include -internal-externc-isystem /usr/local/lib/android/sdk/ndk/26.2.11394342/toolchains/llvm/prebuilt/linux-x86_64/sysroot/usr/include -Wformat -fdebug-compilation-dir=/home/runner/work/GS-SAMP/GS-SAMP/app/.cxx/RelWithDebInfo/2o128314/armeabi-v7a/CMakeFiles/CMakeTmp -ferror-limit 19 -stack-protector 2 -fno-signed-char -fgnuc-version=4.2.1 -D__GCC_HAVE_DWARF2_CFI_ASM=1 -o CMakeFiles/cmTC_45a3b.dir/CMakeCCompilerABI.c.o -x c /usr/local/lib/android/sdk/cmake/3.22.1/share/cmake-3.22/Modules/CMakeCCompilerABI.c
clang -cc1 version 17.0.2 based upon LLVM 17.0.2 default target x86_64-unknown-linux-gnu
ignoring nonexistent directory "/usr/local/lib/android/sdk/ndk/26.2.11394342/toolchains/llvm/prebuilt/linux-x86_64/sysroot/usr/local/include"
ignoring nonexistent directory "/usr/local/lib/android/sdk/ndk/26.2.11394342/toolchains/llvm/prebuilt/linux-x86_64/sysroot/include"
#include "..." search starts here:
#include <...> search starts here:
 /usr/local/lib/android/sdk/ndk/26.2.11394342/toolchains/llvm/prebuilt/linux-x86_64/lib/clang/17/include
 /usr/local/lib/android/sdk/ndk/26.2.11394342/toolchains/llvm/prebuilt/linux-x86_64/sysroot/usr/include/arm-linux-androideabi
 /usr/local/lib/android/sdk/ndk/26.2.11394342/toolchains/llvm/prebuilt/linux-x86_64/sysroot/usr/include
End of search list.
[2/2] Linking C executable cmTC_45a3b
Android (11349228, +pgo, +bolt, +lto, -mlgo, based on r487747e) clang version 17.0.2 (https://android.googlesource.com/toolchain/llvm-project d9f89f4d16663d5012e5c09495f3b30ece3d2362)
Target: armv7-none-linux-android26
Thread model: posix
InstalledDir: /usr/local/lib/android/sdk/ndk/26.2.11394342/toolchains/llvm/prebuilt/linux-x86_64/bin
 "/usr/local/lib/android/sdk/ndk/26.2.11394342/toolchains/llvm/prebuilt/linux-x86_64/bin/ld.lld" --sysroot=/usr/local/lib/android/sdk/ndk/26.2.11394342/toolchains/llvm/prebuilt/linux-x86_64/sysroot -pie -EL -z now -z relro -z max-page-size=4096 -X --hash-style=gnu --eh-frame-hdr -m armelf_linux_eabi -dynamic-linker /system/bin/linker -o cmTC_45a3b /usr/local/lib/android/sdk/ndk/26.2.11394342/toolchains/llvm/prebuilt/linux-x86_64/sysroot/usr/lib/arm-linux-androideabi/26/crtbegin_dynamic.o -L/usr/local/lib/android/sdk/ndk/26.2.11394342/toolchains/llvm/prebuilt/linux-x86_64/lib/clang/17/lib/linux/arm -L/usr/local/lib/android/sdk/ndk/26.2.11394342/toolchains/llvm/prebuilt/linux-x86_64/sysroot/usr/lib/arm-linux-androideabi/26 -L/usr/local/lib/android/sdk/ndk/26.2.11394342/toolchains/llvm/prebuilt/linux-x86_64/sysroot/usr/lib/arm-linux-androideabi -L/usr/local/lib/android/sdk/ndk/26.2.11394342/toolchains/llvm/prebuilt/linux-x86_64/sysroot/usr/lib/../lib -L/usr/local/lib/android/sdk/ndk/26.2.11394342/toolchains/llvm/prebuilt/linux-x86_64/sysroot/usr/lib --build-id=sha1 --no-rosegment --no-undefined-version --fatal-warnings --no-undefined CMakeFiles/cmTC_45a3b.dir/CMakeCCompilerABI.c.o /usr/local/lib/android/sdk/ndk/26.2.11394342/toolchains/llvm/prebuilt/linux-x86_64/lib/clang/17/lib/linux/libclang_rt.builtins-arm-android.a -l:libunwind.a -ldl -lc /usr/local/lib/android/sdk/ndk/26.2.11394342/toolchains/llvm/prebuilt/linux-x86_64/lib/clang/17/lib/linux/libclang_rt.builtins-arm-android.a -l:libunwind.a -ldl /usr/local/lib/android/sdk/ndk/26.2.11394342/toolchains/llvm/prebuilt/linux-x86_64/sysroot/usr/lib/arm-linux-androideabi/26/crtend_android.o



Parsed C implicit include dir info from above output: rv=done
  found start of include info
  found start of implicit include info
    add: [/usr/local/lib/android/sdk/ndk/26.2.11394342/toolchains/llvm/prebuilt/linux-x86_64/lib/clang/17/include]
    add: [/usr/local/lib/android/sdk/ndk/26.2.11394342/toolchains/llvm/prebuilt/linux-x86_64/sysroot/usr/include/arm-linux-androideabi]
    add: [/usr/local/lib/android/sdk/ndk/26.2.11394342/toolchains/llvm/prebuilt/linux-x86_64/sysroot/usr/include]
  end of search list found
  collapse include dir [/usr/local/lib/android/sdk/ndk/26.2.11394342/toolchains/llvm/prebuilt/linux-x86_64/lib/clang/17/include] ==> [/usr/local/lib/android/sdk/ndk/26.2.11394342/toolchains/llvm/prebuilt/linux-x86_64/lib/clang/17/include]
  collapse include dir [/usr/local/lib/android/sdk/ndk/26.2.11394342/toolchains/llvm/prebuilt/linux-x86_64/sysroot/usr/include/arm-linux-androideabi] ==> [/usr/local/lib/android/sdk/ndk/26.2.11394342/toolchains/llvm/prebuilt/linux-x86_64/sysroot/usr/include/arm-linux-androideabi]
  collapse include dir [/usr/local/lib/android/sdk/ndk/26.2.11394342/toolchains/llvm/prebuilt/linux-x86_64/sysroot/usr/include] ==> [/usr/local/lib/android/sdk/ndk/26.2.11394342/toolchains/llvm/prebuilt/linux-x86_64/sysroot/usr/include]
  implicit include dirs: [/usr/local/lib/android/sdk/ndk/26.2.11394342/toolchains/llvm/prebuilt/linux-x86_64/lib/clang/17/include;/usr/local/lib/android/sdk/ndk/26.2.11394342/toolchains/llvm/prebuilt/linux-x86_64/sysroot/usr/include/arm-linux-androideabi;/usr/local/lib/android/sdk/ndk/26.2.11394342/toolchains/llvm/prebuilt/linux-x86_64/sysroot/usr/include]


Parsed C implicit link information from above output:
  link line regex: [^( *|.*[/\])(ld\.lld|CMAKE_LINK_STARTFILE-NOTFOUND|([^/\]+-)?ld|collect2)[^/\]*( |$)]
  ignore line: [Change Dir: /home/runner/work/GS-SAMP/GS-SAMP/app/.cxx/RelWithDebInfo/2o128314/armeabi-v7a/CMakeFiles/CMakeTmp]
  ignore line: []
  ignore line: [Run Build Command(s):/usr/local/lib/android/sdk/cmake/3.22.1/bin/ninja cmTC_45a3b && [1/2] Building C object CMakeFiles/cmTC_45a3b.dir/CMakeCCompilerABI.c.o]
  ignore line: [Android (11349228  +pgo  +bolt  +lto  -mlgo  based on r487747e) clang version 17.0.2 (https://android.googlesource.com/toolchain/llvm-project d9f89f4d16663d5012e5c09495f3b30ece3d2362)]
  ignore line: [Target: armv7-none-linux-android26]
  ignore line: [Thread model: posix]
  ignore line: [InstalledDir: /usr/local/lib/android/sdk/ndk/26.2.11394342/toolchains/llvm/prebuilt/linux-x86_64/bin]
  ignore line: [ (in-process)]
  ignore line: [ "/usr/local/lib/android/sdk/ndk/26.2.11394342/toolchains/llvm/prebuilt/linux-x86_64/bin/clang" -cc1 -triple thumbv7-none-linux-android26 -emit-obj -mrelax-all -disable-free -clear-ast-before-backend -disable-llvm-verifier -discard-value-names -main-file-name CMakeCCompilerABI.c -mrelocation-model pic -pic-level 2 -pic-is-pie -mframe-pointer=all -ffp-contract=on -fno-rounding-math -mconstructor-aliases -funwind-tables=1 -target-cpu generic -target-feature +soft-float-abi -target-feature +vfp2 -target-feature +vfp2sp -target-feature +vfp3 -target-feature +vfp3d16 -target-feature +vfp3d16sp -target-feature +vfp3sp -target-feature -fp16 -target-feature -vfp4 -target-feature -vfp4d16 -target-feature -vfp4d16sp -target-feature -vfp4sp -target-feature -fp-armv8 -target-feature -fp-armv8d16 -target-feature -fp-armv8d16sp -target-feature -fp-armv8sp -target-feature -fullfp16 -target-feature +fp64 -target-feature +d32 -target-feature +neon -target-feature -sha2 -target-feature -aes -target-feature -fp16fml -target-abi aapcs-linux -mfloat-abi soft -mllvm -treat-scalable-fixed-error-as-warning -debug-info-kind=constructor -dwarf-version=4 -debugger-tuning=gdb -v -ffunction-sections -fdata-sections -fcoverage-compilation-dir=/home/runner/work/GS-SAMP/GS-SAMP/app/.cxx/RelWithDebInfo/2o128314/armeabi-v7a/CMakeFiles/CMakeTmp -resource-dir /usr/local/lib/android/sdk/ndk/26.2.11394342/toolchains/llvm/prebuilt/linux-x86_64/lib/clang/17 -dependency-file CMakeFiles/cmTC_45a3b.dir/CMakeCCompilerABI.c.o.d -MT CMakeFiles/cmTC_45a3b.dir/CMakeCCompilerABI.c.o -sys-header-deps -D ANDROID -D _FORTIFY_SOURCE=2 -isysroot /usr/local/lib/android/sdk/ndk/26.2.11394342/toolchains/llvm/prebuilt/linux-x86_64/sysroot -internal-isystem /usr/local/lib/android/sdk/ndk/26.2.11394342/toolchains/llvm/prebuilt/linux-x86_64/lib/clang/17/include -internal-isystem /usr/local/lib/android/sdk/ndk/26.2.11394342/toolchains/llvm/prebuilt/linux-x86_64/sysroot/usr/local/include -internal-externc-isystem /usr/local/lib/android/sdk/ndk/26.2.11394342/toolchains/llvm/prebuilt/linux-x86_64/sysroot/usr/include/arm-linux-androideabi -internal-externc-isystem /usr/local/lib/android/sdk/ndk/26.2.11394342/toolchains/llvm/prebuilt/linux-x86_64/sysroot/include -internal-externc-isystem /usr/local/lib/android/sdk/ndk/26.2.11394342/toolchains/llvm/prebuilt/linux-x86_64/sysroot/usr/include -Wformat -fdebug-compilation-dir=/home/runner/work/GS-SAMP/GS-SAMP/app/.cxx/RelWithDebInfo/2o128314/armeabi-v7a/CMakeFiles/CMakeTmp -ferror-limit 19 -stack-protector 2 -fno-signed-char -fgnuc-version=4.2.1 -D__GCC_HAVE_DWARF2_CFI_ASM=1 -o CMakeFiles/cmTC_45a3b.dir/CMakeCCompilerABI.c.o -x c /usr/local/lib/android/sdk/cmake/3.22.1/share/cmake-3.22/Modules/CMakeCCompilerABI.c]
  ignore line: [clang -cc1 version 17.0.2 based upon LLVM 17.0.2 default target x86_64-unknown-linux-gnu]
  ignore line: [ignoring nonexistent directory "/usr/local/lib/android/sdk/ndk/26.2.11394342/toolchains/llvm/prebuilt/linux-x86_64/sysroot/usr/local/include"]
  ignore line: [ignoring nonexistent directory "/usr/local/lib/android/sdk/ndk/26.2.11394342/toolchains/llvm/prebuilt/linux-x86_64/sysroot/include"]
  ignore line: [#include "..." search starts here:]
  ignore line: [#include <...> search starts here:]
  ignore line: [ /usr/local/lib/android/sdk/ndk/26.2.11394342/toolchains/llvm/prebuilt/linux-x86_64/lib/clang/17/include]
  ignore line: [ /usr/local/lib/android/sdk/ndk/26.2.11394342/toolchains/llvm/prebuilt/linux-x86_64/sysroot/usr/include/arm-linux-androideabi]
  ignore line: [ /usr/local/lib/android/sdk/ndk/26.2.11394342/toolchains/llvm/prebuilt/linux-x86_64/sysroot/usr/include]
  ignore line: [End of search list.]
  ignore line: [[2/2] Linking C executable cmTC_45a3b]
  ignore line: [Android (11349228  +pgo  +bolt  +lto  -mlgo  based on r487747e) clang version 17.0.2 (https://android.googlesource.com/toolchain/llvm-project d9f89f4d16663d5012e5c09495f3b30ece3d2362)]
  ignore line: [Target: armv7-none-linux-android26]
  ignore line: [Thread model: posix]
  ignore line: [InstalledDir: /usr/local/lib/android/sdk/ndk/26.2.11394342/toolchains/llvm/prebuilt/linux-x86_64/bin]
  link line: [ "/usr/local/lib/android/sdk/ndk/26.2.11394342/toolchains/llvm/prebuilt/linux-x86_64/bin/ld.lld" --sysroot=/usr/local/lib/android/sdk/ndk/26.2.11394342/toolchains/llvm/prebuilt/linux-x86_64/sysroot -pie -EL -z now -z relro -z max-page-size=4096 -X --hash-style=gnu --eh-frame-hdr -m armelf_linux_eabi -dynamic-linker /system/bin/linker -o cmTC_45a3b /usr/local/lib/android/sdk/ndk/26.2.11394342/toolchains/llvm/prebuilt/linux-x86_64/sysroot/usr/lib/arm-linux-androideabi/26/crtbegin_dynamic.o -L/usr/local/lib/android/sdk/ndk/26.2.11394342/toolchains/llvm/prebuilt/linux-x86_64/lib/clang/17/lib/linux/arm -L/usr/local/lib/android/sdk/ndk/26.2.11394342/toolchains/llvm/prebuilt/linux-x86_64/sysroot/usr/lib/arm-linux-androideabi/26 -L/usr/local/lib/android/sdk/ndk/26.2.11394342/toolchains/llvm/prebuilt/linux-x86_64/sysroot/usr/lib/arm-linux-androideabi -L/usr/local/lib/android/sdk/ndk/26.2.11394342/toolchains/llvm/prebuilt/linux-x86_64/sysroot/usr/lib/../lib -L/usr/local/lib/android/sdk/ndk/26.2.11394342/toolchains/llvm/prebuilt/linux-x86_64/sysroot/usr/lib --build-id=sha1 --no-rosegment --no-undefined-version --fatal-warnings --no-undefined CMakeFiles/cmTC_45a3b.dir/CMakeCCompilerABI.c.o /usr/local/lib/android/sdk/ndk/26.2.11394342/toolchains/llvm/prebuilt/linux-x86_64/lib/clang/17/lib/linux/libclang_rt.builtins-arm-android.a -l:libunwind.a -ldl -lc /usr/local/lib/android/sdk/ndk/26.2.11394342/toolchains/llvm/prebuilt/linux-x86_64/lib/clang/17/lib/linux/libclang_rt.builtins-arm-android.a -l:libunwind.a -ldl /usr/local/lib/android/sdk/ndk/26.2.11394342/toolchains/llvm/prebuilt/linux-x86_64/sysroot/usr/lib/arm-linux-androideabi/26/crtend_android.o]
    arg [/usr/local/lib/android/sdk/ndk/26.2.11394342/toolchains/llvm/prebuilt/linux-x86_64/bin/ld.lld] ==> ignore
    arg [--sysroot=/usr/local/lib/android/sdk/ndk/26.2.11394342/toolchains/llvm/prebuilt/linux-x86_64/sysroot] ==> ignore
    arg [-pie] ==> ignore
    arg [-EL] ==> ignore
    arg [-znow] ==> ignore
    arg [-zrelro] ==> ignore
    arg [-zmax-page-size=4096] ==> ignore
    arg [-X] ==> ignore
    arg [--hash-style=gnu] ==> ignore
    arg [--eh-frame-hdr] ==> ignore
    arg [-m] ==> ignore
    arg [armelf_linux_eabi] ==> ignore
    arg [-dynamic-linker] ==> ignore
    arg [/system/bin/linker] ==> ignore
    arg [-o] ==> ignore
    arg [cmTC_45a3b] ==> ignore
    arg [/usr/local/lib/android/sdk/ndk/26.2.11394342/toolchains/llvm/prebuilt/linux-x86_64/sysroot/usr/lib/arm-linux-androideabi/26/crtbegin_dynamic.o] ==> obj [/usr/local/lib/android/sdk/ndk/26.2.11394342/toolchains/llvm/prebuilt/linux-x86_64/sysroot/usr/lib/arm-linux-androideabi/26/crtbegin_dynamic.o]
    arg [-L/usr/local/lib/android/sdk/ndk/26.2.11394342/toolchains/llvm/prebuilt/linux-x86_64/lib/clang/17/lib/linux/arm] ==> dir [/usr/local/lib/android/sdk/ndk/26.2.11394342/toolchains/llvm/prebuilt/linux-x86_64/lib/clang/17/lib/linux/arm]
    arg [-L/usr/local/lib/android/sdk/ndk/26.2.11394342/toolchains/llvm/prebuilt/linux-x86_64/sysroot/usr/lib/arm-linux-androideabi/26] ==> dir [/usr/local/lib/android/sdk/ndk/26.2.11394342/toolchains/llvm/prebuilt/linux-x86_64/sysroot/usr/lib/arm-linux-androideabi/26]
    arg [-L/usr/local/lib/android/sdk/ndk/26.2.11394342/toolchains/llvm/prebuilt/linux-x86_64/sysroot/usr/lib/arm-linux-androideabi] ==> dir [/usr/local/lib/android/sdk/ndk/26.2.11394342/toolchains/llvm/prebuilt/linux-x86_64/sysroot/usr/lib/arm-linux-androideabi]
    arg [-L/usr/local/lib/android/sdk/ndk/26.2.11394342/toolchains/llvm/prebuilt/linux-x86_64/sysroot/usr/lib/../lib] ==> dir [/usr/local/lib/android/sdk/ndk/26.2.11394342/toolchains/llvm/prebuilt/linux-x86_64/sysroot/usr/lib/../lib]
    arg [-L/usr/local/lib/android/sdk/ndk/26.2.11394342/toolchains/llvm/prebuilt/linux-x86_64/sysroot/usr/lib] ==> dir [/usr/local/lib/android/sdk/ndk/26.2.11394342/toolchains/llvm/prebuilt/linux-x86_64/sysroot/usr/lib]
    arg [--build-id=sha1] ==> ignore
    arg [--no-rosegment] ==> ignore
    arg [--no-undefined-version] ==> ignore
    arg [--fatal-warnings] ==> ignore
    arg [--no-undefined] ==> ignore
    arg [CMakeFiles/cmTC_45a3b.dir/CMakeCCompilerABI.c.o] ==> ignore
    arg [/usr/local/lib/android/sdk/ndk/26.2.11394342/toolchains/llvm/prebuilt/linux-x86_64/lib/clang/17/lib/linux/libclang_rt.builtins-arm-android.a] ==> lib [/usr/local/lib/android/sdk/ndk/26.2.11394342/toolchains/llvm/prebuilt/linux-x86_64/lib/clang/17/lib/linux/libclang_rt.builtins-arm-android.a]
    arg [-l:libunwind.a] ==> lib [-l:libunwind.a]
    arg [-ldl] ==> lib [dl]
    arg [-lc] ==> lib [c]
    arg [/usr/local/lib/android/sdk/ndk/26.2.11394342/toolchains/llvm/prebuilt/linux-x86_64/lib/clang/17/lib/linux/libclang_rt.builtins-arm-android.a] ==> lib [/usr/local/lib/android/sdk/ndk/26.2.11394342/toolchains/llvm/prebuilt/linux-x86_64/lib/clang/17/lib/linux/libclang_rt.builtins-arm-android.a]
    arg [-l:libunwind.a] ==> lib [-l:libunwind.a]
    arg [-ldl] ==> lib [dl]
    arg [/usr/local/lib/android/sdk/ndk/26.2.11394342/toolchains/llvm/prebuilt/linux-x86_64/sysroot/usr/lib/arm-linux-androideabi/26/crtend_android.o] ==> obj [/usr/local/lib/android/sdk/ndk/26.2.11394342/toolchains/llvm/prebuilt/linux-x86_64/sysroot/usr/lib/arm-linux-androideabi/26/crtend_android.o]
  remove lib [/usr/local/lib/android/sdk/ndk/26.2.11394342/toolchains/llvm/prebuilt/linux-x86_64/lib/clang/17/lib/linux/libclang_rt.builtins-arm-android.a]
  remove lib [/usr/local/lib/android/sdk/ndk/26.2.11394342/toolchains/llvm/prebuilt/linux-x86_64/lib/clang/17/lib/linux/libclang_rt.builtins-arm-android.a]
  collapse library dir [/usr/local/lib/android/sdk/ndk/26.2.11394342/toolchains/llvm/prebuilt/linux-x86_64/lib/clang/17/lib/linux/arm] ==> [/usr/local/lib/android/sdk/ndk/26.2.11394342/toolchains/llvm/prebuilt/linux-x86_64/lib/clang/17/lib/linux/arm]
  collapse library dir [/usr/local/lib/android/sdk/ndk/26.2.11394342/toolchains/llvm/prebuilt/linux-x86_64/sysroot/usr/lib/arm-linux-androideabi/26] ==> [/usr/local/lib/android/sdk/ndk/26.2.11394342/toolchains/llvm/prebuilt/linux-x86_64/sysroot/usr/lib/arm-linux-androideabi/26]
  collapse library dir [/usr/local/lib/android/sdk/ndk/26.2.11394342/toolchains/llvm/prebuilt/linux-x86_64/sysroot/usr/lib/arm-linux-androideabi] ==> [/usr/local/lib/android/sdk/ndk/26.2.11394342/toolchains/llvm/prebuilt/linux-x86_64/sysroot/usr/lib/arm-linux-androideabi]
  collapse library dir [/usr/local/lib/android/sdk/ndk/26.2.11394342/toolchains/llvm/prebuilt/linux-x86_64/sysroot/usr/lib/../lib] ==> [/usr/local/lib/android/sdk/ndk/26.2.11394342/toolchains/llvm/prebuilt/linux-x86_64/sysroot/usr/lib]
  collapse library dir [/usr/local/lib/android/sdk/ndk/26.2.11394342/toolchains/llvm/prebuilt/linux-x86_64/sysroot/usr/lib] ==> [/usr/local/lib/android/sdk/ndk/26.2.11394342/toolchains/llvm/prebuilt/linux-x86_64/sysroot/usr/lib]
  implicit libs: [-l:libunwind.a;dl;c;-l:libunwind.a;dl]
  implicit objs: [/usr/local/lib/android/sdk/ndk/26.2.11394342/toolchains/llvm/prebuilt/linux-x86_64/sysroot/usr/lib/arm-linux-androideabi/26/crtbegin_dynamic.o;/usr/local/lib/android/sdk/ndk/26.2.11394342/toolchains/llvm/prebuilt/linux-x86_64/sysroot/usr/lib/arm-linux-androideabi/26/crtend_android.o]
  implicit dirs: [/usr/local/lib/android/sdk/ndk/26.2.11394342/toolchains/llvm/prebuilt/linux-x86_64/lib/clang/17/lib/linux/arm;/usr/local/lib/android/sdk/ndk/26.2.11394342/toolchains/llvm/prebuilt/linux-x86_64/sysroot/usr/lib/arm-linux-androideabi/26;/usr/local/lib/android/sdk/ndk/26.2.11394342/toolchains/llvm/prebuilt/linux-x86_64/sysroot/usr/lib/arm-linux-androideabi;/usr/local/lib/android/sdk/ndk/26.2.11394342/toolchains/llvm/prebuilt/linux-x86_64/sysroot/usr/lib]
  implicit fwks: []


Detecting CXX compiler ABI info compiled with the following output:
Change Dir: /home/runner/work/GS-SAMP/GS-SAMP/app/.cxx/RelWithDebInfo/2o128314/armeabi-v7a/CMakeFiles/CMakeTmp

Run Build Command(s):/usr/local/lib/android/sdk/cmake/3.22.1/bin/ninja cmTC_aa236 && [1/2] Building CXX object CMakeFiles/cmTC_aa236.dir/CMakeCXXCompilerABI.cpp.o
Android (11349228, +pgo, +bolt, +lto, -mlgo, based on r487747e) clang version 17.0.2 (https://android.googlesource.com/toolchain/llvm-project d9f89f4d16663d5012e5c09495f3b30ece3d2362)
Target: armv7-none-linux-android26
Thread model: posix
InstalledDir: /usr/local/lib/android/sdk/ndk/26.2.11394342/toolchains/llvm/prebuilt/linux-x86_64/bin
 (in-process)
 "/usr/local/lib/android/sdk/ndk/26.2.11394342/toolchains/llvm/prebuilt/linux-x86_64/bin/clang++" -cc1 -triple thumbv7-none-linux-android26 -emit-obj -mrelax-all -disable-free -clear-ast-before-backend -disable-llvm-verifier -discard-value-names -main-file-name CMakeCXXCompilerABI.cpp -mrelocation-model pic -pic-level 2 -pic-is-pie -mframe-pointer=all -ffp-contract=on -fno-rounding-math -mconstructor-aliases -funwind-tables=1 -target-cpu generic -target-feature +soft-float-abi -target-feature +vfp2 -target-feature +vfp2sp -target-feature +vfp3 -target-feature +vfp3d16 -target-feature +vfp3d16sp -target-feature +vfp3sp -target-feature -fp16 -target-feature -vfp4 -target-feature -vfp4d16 -target-feature -vfp4d16sp -target-feature -vfp4sp -target-feature -fp-armv8 -target-feature -fp-armv8d16 -target-feature -fp-armv8d16sp -target-feature -fp-armv8sp -target-feature -fullfp16 -target-feature +fp64 -target-feature +d32 -target-feature +neon -target-feature -sha2 -target-feature -aes -target-feature -fp16fml -target-abi aapcs-linux -mfloat-abi soft -mllvm -treat-scalable-fixed-error-as-warning -debug-info-kind=constructor -dwarf-version=4 -debugger-tuning=gdb -v -ffunction-sections -fdata-sections -fcoverage-compilation-dir=/home/runner/work/GS-SAMP/GS-SAMP/app/.cxx/RelWithDebInfo/2o128314/armeabi-v7a/CMakeFiles/CMakeTmp -resource-dir /usr/local/lib/android/sdk/ndk/26.2.11394342/toolchains/llvm/prebuilt/linux-x86_64/lib/clang/17 -dependency-file CMakeFiles/cmTC_aa236.dir/CMakeCXXCompilerABI.cpp.o.d -MT CMakeFiles/cmTC_aa236.dir/CMakeCXXCompilerABI.cpp.o -sys-header-deps -D ANDROID -D _FORTIFY_SOURCE=2 -isysroot /usr/local/lib/android/sdk/ndk/26.2.11394342/toolchains/llvm/prebuilt/linux-x86_64/sysroot -internal-isystem /usr/local/lib/android/sdk/ndk/26.2.11394342/toolchains/llvm/prebuilt/linux-x86_64/sysroot/usr/include/c++/v1 -internal-isystem /usr/local/lib/android/sdk/ndk/26.2.11394342/toolchains/llvm/prebuilt/linux-x86_64/lib/clang/17/include -internal-isystem /usr/local/lib/android/sdk/ndk/26.2.11394342/toolchains/llvm/prebuilt/linux-x86_64/sysroot/usr/local/include -internal-externc-isystem /usr/local/lib/android/sdk/ndk/26.2.11394342/toolchains/llvm/prebuilt/linux-x86_64/sysroot/usr/include/arm-linux-androideabi -internal-externc-isystem /usr/local/lib/android/sdk/ndk/26.2.11394342/toolchains/llvm/prebuilt/linux-x86_64/sysroot/include -internal-externc-isystem /usr/local/lib/android/sdk/ndk/26.2.11394342/toolchains/llvm/prebuilt/linux-x86_64/sysroot/usr/include -Wformat -fdeprecated-macro -fdebug-compilation-dir=/home/runner/work/GS-SAMP/GS-SAMP/app/.cxx/RelWithDebInfo/2o128314/armeabi-v7a/CMakeFiles/CMakeTmp -ferror-limit 19 -stack-protector 2 -fno-signed-char -fgnuc-version=4.2.1 -fcxx-exceptions -fexceptions -D__GCC_HAVE_DWARF2_CFI_ASM=1 -o CMakeFiles/cmTC_aa236.dir/CMakeCXXCompilerABI.cpp.o -x c++ /usr/local/lib/android/sdk/cmake/3.22.1/share/cmake-3.22/Modules/CMakeCXXCompilerABI.cpp
clang -cc1 version 17.0.2 based upon LLVM 17.0.2 default target x86_64-unknown-linux-gnu
ignoring nonexistent directory "/usr/local/lib/android/sdk/ndk/26.2.11394342/toolchains/llvm/prebuilt/linux-x86_64/sysroot/usr/local/include"
ignoring nonexistent directory "/usr/local/lib/android/sdk/ndk/26.2.11394342/toolchains/llvm/prebuilt/linux-x86_64/sysroot/include"
#include "..." search starts here:
#include <...> search starts here:
 /usr/local/lib/android/sdk/ndk/26.2.11394342/toolchains/llvm/prebuilt/linux-x86_64/sysroot/usr/include/c++/v1
 /usr/local/lib/android/sdk/ndk/26.2.11394342/toolchains/llvm/prebuilt/linux-x86_64/lib/clang/17/include
 /usr/local/lib/android/sdk/ndk/26.2.11394342/toolchains/llvm/prebuilt/linux-x86_64/sysroot/usr/include/arm-linux-androideabi
 /usr/local/lib/android/sdk/ndk/26.2.11394342/toolchains/llvm/prebuilt/linux-x86_64/sysroot/usr/include
End of search list.
[2/2] Linking CXX executable cmTC_aa236
Android (11349228, +pgo, +bolt, +lto, -mlgo, based on r487747e) clang version 17.0.2 (https://android.googlesource.com/toolchain/llvm-project d9f89f4d16663d5012e5c09495f3b30ece3d2362)
Target: armv7-none-linux-android26
Thread model: posix
InstalledDir: /usr/local/lib/android/sdk/ndk/26.2.11394342/toolchains/llvm/prebuilt/linux-x86_64/bin
 "/usr/local/lib/android/sdk/ndk/26.2.11394342/toolchains/llvm/prebuilt/linux-x86_64/bin/ld.lld" --sysroot=/usr/local/lib/android/sdk/ndk/26.2.11394342/toolchains/llvm/prebuilt/linux-x86_64/sysroot -pie -EL -z now -z relro -z max-page-size=4096 -X --hash-style=gnu --eh-frame-hdr -m armelf_linux_eabi -dynamic-linker /system/bin/linker -o cmTC_aa236 /usr/local/lib/android/sdk/ndk/26.2.11394342/toolchains/llvm/prebuilt/linux-x86_64/sysroot/usr/lib/arm-linux-androideabi/26/crtbegin_dynamic.o -L/usr/local/lib/android/sdk/ndk/26.2.11394342/toolchains/llvm/prebuilt/linux-x86_64/lib/clang/17/lib/linux/arm -L/usr/local/lib/android/sdk/ndk/26.2.11394342/toolchains/llvm/prebuilt/linux-x86_64/sysroot/usr/lib/arm-linux-androideabi/26 -L/usr/local/lib/android/sdk/ndk/26.2.11394342/toolchains/llvm/prebuilt/linux-x86_64/sysroot/usr/lib/arm-linux-androideabi -L/usr/local/lib/android/sdk/ndk/26.2.11394342/toolchains/llvm/prebuilt/linux-x86_64/sysroot/usr/lib/../lib -L/usr/local/lib/android/sdk/ndk/26.2.11394342/toolchains/llvm/prebuilt/linux-x86_64/sysroot/usr/lib --build-id=sha1 --no-rosegment --no-undefined-version --fatal-warnings --no-undefined CMakeFiles/cmTC_aa236.dir/CMakeCXXCompilerABI.cpp.o -Bstatic -lc++ -Bdynamic -lm /usr/local/lib/android/sdk/ndk/26.2.11394342/toolchains/llvm/prebuilt/linux-x86_64/lib/clang/17/lib/linux/libclang_rt.builtins-arm-android.a -l:libunwind.a -ldl -lc /usr/local/lib/android/sdk/ndk/26.2.11394342/toolchains/llvm/prebuilt/linux-x86_64/lib/clang/17/lib/linux/libclang_rt.builtins-arm-android.a -l:libunwind.a -ldl /usr/local/lib/android/sdk/ndk/26.2.11394342/toolchains/llvm/prebuilt/linux-x86_64/sysroot/usr/lib/arm-linux-androideabi/26/crtend_android.o



Parsed CXX implicit include dir info from above output: rv=done
  found start of include info
  found start of implicit include info
    add: [/usr/local/lib/android/sdk/ndk/26.2.11394342/toolchains/llvm/prebuilt/linux-x86_64/sysroot/usr/include/c++/v1]
    add: [/usr/local/lib/android/sdk/ndk/26.2.11394342/toolchains/llvm/prebuilt/linux-x86_64/lib/clang/17/include]
    add: [/usr/local/lib/android/sdk/ndk/26.2.11394342/toolchains/llvm/prebuilt/linux-x86_64/sysroot/usr/include/arm-linux-androideabi]
    add: [/usr/local/lib/android/sdk/ndk/26.2.11394342/toolchains/llvm/prebuilt/linux-x86_64/sysroot/usr/include]
  end of search list found
  collapse include dir [/usr/local/lib/android/sdk/ndk/26.2.11394342/toolchains/llvm/prebuilt/linux-x86_64/sysroot/usr/include/c++/v1] ==> [/usr/local/lib/android/sdk/ndk/26.2.11394342/toolchains/llvm/prebuilt/linux-x86_64/sysroot/usr/include/c++/v1]
  collapse include dir [/usr/local/lib/android/sdk/ndk/26.2.11394342/toolchains/llvm/prebuilt/linux-x86_64/lib/clang/17/include] ==> [/usr/local/lib/android/sdk/ndk/26.2.11394342/toolchains/llvm/prebuilt/linux-x86_64/lib/clang/17/include]
  collapse include dir [/usr/local/lib/android/sdk/ndk/26.2.11394342/toolchains/llvm/prebuilt/linux-x86_64/sysroot/usr/include/arm-linux-androideabi] ==> [/usr/local/lib/android/sdk/ndk/26.2.11394342/toolchains/llvm/prebuilt/linux-x86_64/sysroot/usr/include/arm-linux-androideabi]
  collapse include dir [/usr/local/lib/android/sdk/ndk/26.2.11394342/toolchains/llvm/prebuilt/linux-x86_64/sysroot/usr/include] ==> [/usr/local/lib/android/sdk/ndk/26.2.11394342/toolchains/llvm/prebuilt/linux-x86_64/sysroot/usr/include]
  implicit include dirs: [/usr/local/lib/android/sdk/ndk/26.2.11394342/toolchains/llvm/prebuilt/linux-x86_64/sysroot/usr/include/c++/v1;/usr/local/lib/android/sdk/ndk/26.2.11394342/toolchains/llvm/prebuilt/linux-x86_64/lib/clang/17/include;/usr/local/lib/android/sdk/ndk/26.2.11394342/toolchains/llvm/prebuilt/linux-x86_64/sysroot/usr/include/arm-linux-androideabi;/usr/local/lib/android/sdk/ndk/26.2.11394342/toolchains/llvm/prebuilt/linux-x86_64/sysroot/usr/include]


Parsed CXX implicit link information from above output:
  link line regex: [^( *|.*[/\])(ld\.lld|CMAKE_LINK_STARTFILE-NOTFOUND|([^/\]+-)?ld|collect2)[^/\]*( |$)]
  ignore line: [Change Dir: /home/runner/work/GS-SAMP/GS-SAMP/app/.cxx/RelWithDebInfo/2o128314/armeabi-v7a/CMakeFiles/CMakeTmp]
  ignore line: []
  ignore line: [Run Build Command(s):/usr/local/lib/android/sdk/cmake/3.22.1/bin/ninja cmTC_aa236 && [1/2] Building CXX object CMakeFiles/cmTC_aa236.dir/CMakeCXXCompilerABI.cpp.o]
  ignore line: [Android (11349228  +pgo  +bolt  +lto  -mlgo  based on r487747e) clang version 17.0.2 (https://android.googlesource.com/toolchain/llvm-project d9f89f4d16663d5012e5c09495f3b30ece3d2362)]
  ignore line: [Target: armv7-none-linux-android26]
  ignore line: [Thread model: posix]
  ignore line: [InstalledDir: /usr/local/lib/android/sdk/ndk/26.2.11394342/toolchains/llvm/prebuilt/linux-x86_64/bin]
  ignore line: [ (in-process)]
  ignore line: [ "/usr/local/lib/android/sdk/ndk/26.2.11394342/toolchains/llvm/prebuilt/linux-x86_64/bin/clang++" -cc1 -triple thumbv7-none-linux-android26 -emit-obj -mrelax-all -disable-free -clear-ast-before-backend -disable-llvm-verifier -discard-value-names -main-file-name CMakeCXXCompilerABI.cpp -mrelocation-model pic -pic-level 2 -pic-is-pie -mframe-pointer=all -ffp-contract=on -fno-rounding-math -mconstructor-aliases -funwind-tables=1 -target-cpu generic -target-feature +soft-float-abi -target-feature +vfp2 -target-feature +vfp2sp -target-feature +vfp3 -target-feature +vfp3d16 -target-feature +vfp3d16sp -target-feature +vfp3sp -target-feature -fp16 -target-feature -vfp4 -target-feature -vfp4d16 -target-feature -vfp4d16sp -target-feature -vfp4sp -target-feature -fp-armv8 -target-feature -fp-armv8d16 -target-feature -fp-armv8d16sp -target-feature -fp-armv8sp -target-feature -fullfp16 -target-feature +fp64 -target-feature +d32 -target-feature +neon -target-feature -sha2 -target-feature -aes -target-feature -fp16fml -target-abi aapcs-linux -mfloat-abi soft -mllvm -treat-scalable-fixed-error-as-warning -debug-info-kind=constructor -dwarf-version=4 -debugger-tuning=gdb -v -ffunction-sections -fdata-sections -fcoverage-compilation-dir=/home/runner/work/GS-SAMP/GS-SAMP/app/.cxx/RelWithDebInfo/2o128314/armeabi-v7a/CMakeFiles/CMakeTmp -resource-dir /usr/local/lib/android/sdk/ndk/26.2.11394342/toolchains/llvm/prebuilt/linux-x86_64/lib/clang/17 -dependency-file CMakeFiles/cmTC_aa236.dir/CMakeCXXCompilerABI.cpp.o.d -MT CMakeFiles/cmTC_aa236.dir/CMakeCXXCompilerABI.cpp.o -sys-header-deps -D ANDROID -D _FORTIFY_SOURCE=2 -isysroot /usr/local/lib/android/sdk/ndk/26.2.11394342/toolchains/llvm/prebuilt/linux-x86_64/sysroot -internal-isystem /usr/local/lib/android/sdk/ndk/26.2.11394342/toolchains/llvm/prebuilt/linux-x86_64/sysroot/usr/include/c++/v1 -internal-isystem /usr/local/lib/android/sdk/ndk/26.2.11394342/toolchains/llvm/prebuilt/linux-x86_64/lib/clang/17/include -internal-isystem /usr/local/lib/android/sdk/ndk/26.2.11394342/toolchains/llvm/prebuilt/linux-x86_64/sysroot/usr/local/include -internal-externc-isystem /usr/local/lib/android/sdk/ndk/26.2.11394342/toolchains/llvm/prebuilt/linux-x86_64/sysroot/usr/include/arm-linux-androideabi -internal-externc-isystem /usr/local/lib/android/sdk/ndk/26.2.11394342/toolchains/llvm/prebuilt/linux-x86_64/sysroot/include -internal-externc-isystem /usr/local/lib/android/sdk/ndk/26.2.11394342/toolchains/llvm/prebuilt/linux-x86_64/sysroot/usr/include -Wformat -fdeprecated-macro -fdebug-compilation-dir=/home/runner/work/GS-SAMP/GS-SAMP/app/.cxx/RelWithDebInfo/2o128314/armeabi-v7a/CMakeFiles/CMakeTmp -ferror-limit 19 -stack-protector 2 -fno-signed-char -fgnuc-version=4.2.1 -fcxx-exceptions -fexceptions -D__GCC_HAVE_DWARF2_CFI_ASM=1 -o CMakeFiles/cmTC_aa236.dir/CMakeCXXCompilerABI.cpp.o -x c++ /usr/local/lib/android/sdk/cmake/3.22.1/share/cmake-3.22/Modules/CMakeCXXCompilerABI.cpp]
  ignore line: [clang -cc1 version 17.0.2 based upon LLVM 17.0.2 default target x86_64-unknown-linux-gnu]
  ignore line: [ignoring nonexistent directory "/usr/local/lib/android/sdk/ndk/26.2.11394342/toolchains/llvm/prebuilt/linux-x86_64/sysroot/usr/local/include"]
  ignore line: [ignoring nonexistent directory "/usr/local/lib/android/sdk/ndk/26.2.11394342/toolchains/llvm/prebuilt/linux-x86_64/sysroot/include"]
  ignore line: [#include "..." search starts here:]
  ignore line: [#include <...> search starts here:]
  ignore line: [ /usr/local/lib/android/sdk/ndk/26.2.11394342/toolchains/llvm/prebuilt/linux-x86_64/sysroot/usr/include/c++/v1]
  ignore line: [ /usr/local/lib/android/sdk/ndk/26.2.11394342/toolchains/llvm/prebuilt/linux-x86_64/lib/clang/17/include]
  ignore line: [ /usr/local/lib/android/sdk/ndk/26.2.11394342/toolchains/llvm/prebuilt/linux-x86_64/sysroot/usr/include/arm-linux-androideabi]
  ignore line: [ /usr/local/lib/android/sdk/ndk/26.2.11394342/toolchains/llvm/prebuilt/linux-x86_64/sysroot/usr/include]
  ignore line: [End of search list.]
  ignore line: [[2/2] Linking CXX executable cmTC_aa236]
  ignore line: [Android (11349228  +pgo  +bolt  +lto  -mlgo  based on r487747e) clang version 17.0.2 (https://android.googlesource.com/toolchain/llvm-project d9f89f4d16663d5012e5c09495f3b30ece3d2362)]
  ignore line: [Target: armv7-none-linux-android26]
  ignore line: [Thread model: posix]
  ignore line: [InstalledDir: /usr/local/lib/android/sdk/ndk/26.2.11394342/toolchains/llvm/prebuilt/linux-x86_64/bin]
  link line: [ "/usr/local/lib/android/sdk/ndk/26.2.11394342/toolchains/llvm/prebuilt/linux-x86_64/bin/ld.lld" --sysroot=/usr/local/lib/android/sdk/ndk/26.2.11394342/toolchains/llvm/prebuilt/linux-x86_64/sysroot -pie -EL -z now -z relro -z max-page-size=4096 -X --hash-style=gnu --eh-frame-hdr -m armelf_linux_eabi -dynamic-linker /system/bin/linker -o cmTC_aa236 /usr/local/lib/android/sdk/ndk/26.2.11394342/toolchains/llvm/prebuilt/linux-x86_64/sysroot/usr/lib/arm-linux-androideabi/26/crtbegin_dynamic.o -L/usr/local/lib/android/sdk/ndk/26.2.11394342/toolchains/llvm/prebuilt/linux-x86_64/lib/clang/17/lib/linux/arm -L/usr/local/lib/android/sdk/ndk/26.2.11394342/toolchains/llvm/prebuilt/linux-x86_64/sysroot/usr/lib/arm-linux-androideabi/26 -L/usr/local/lib/android/sdk/ndk/26.2.11394342/toolchains/llvm/prebuilt/linux-x86_64/sysroot/usr/lib/arm-linux-androideabi -L/usr/local/lib/android/sdk/ndk/26.2.11394342/toolchains/llvm/prebuilt/linux-x86_64/sysroot/usr/lib/../lib -L/usr/local/lib/android/sdk/ndk/26.2.11394342/toolchains/llvm/prebuilt/linux-x86_64/sysroot/usr/lib --build-id=sha1 --no-rosegment --no-undefined-version --fatal-warnings --no-undefined CMakeFiles/cmTC_aa236.dir/CMakeCXXCompilerABI.cpp.o -Bstatic -lc++ -Bdynamic -lm /usr/local/lib/android/sdk/ndk/26.2.11394342/toolchains/llvm/prebuilt/linux-x86_64/lib/clang/17/lib/linux/libclang_rt.builtins-arm-android.a -l:libunwind.a -ldl -lc /usr/local/lib/android/sdk/ndk/26.2.11394342/toolchains/llvm/prebuilt/linux-x86_64/lib/clang/17/lib/linux/libclang_rt.builtins-arm-android.a -l:libunwind.a -ldl /usr/local/lib/android/sdk/ndk/26.2.11394342/toolchains/llvm/prebuilt/linux-x86_64/sysroot/usr/lib/arm-linux-androideabi/26/crtend_android.o]
    arg [/usr/local/lib/android/sdk/ndk/26.2.11394342/toolchains/llvm/prebuilt/linux-x86_64/bin/ld.lld] ==> ignore
    arg [--sysroot=/usr/local/lib/android/sdk/ndk/26.2.11394342/toolchains/llvm/prebuilt/linux-x86_64/sysroot] ==> ignore
    arg [-pie] ==> ignore
    arg [-EL] ==> ignore
    arg [-znow] ==> ignore
    arg [-zrelro] ==> ignore
    arg [-zmax-page-size=4096] ==> ignore
    arg [-X] ==> ignore
    arg [--hash-style=gnu] ==> ignore
    arg [--eh-frame-hdr] ==> ignore
    arg [-m] ==> ignore
    arg [armelf_linux_eabi] ==> ignore
    arg [-dynamic-linker] ==> ignore
    arg [/system/bin/linker] ==> ignore
    arg [-o] ==> ignore
    arg [cmTC_aa236] ==> ignore
    arg [/usr/local/lib/android/sdk/ndk/26.2.11394342/toolchains/llvm/prebuilt/linux-x86_64/sysroot/usr/lib/arm-linux-androideabi/26/crtbegin_dynamic.o] ==> obj [/usr/local/lib/android/sdk/ndk/26.2.11394342/toolchains/llvm/prebuilt/linux-x86_64/sysroot/usr/lib/arm-linux-androideabi/26/crtbegin_dynamic.o]
    arg [-L/usr/local/lib/android/sdk/ndk/26.2.11394342/toolchains/llvm/prebuilt/linux-x86_64/lib/clang/17/lib/linux/arm] ==> dir [/usr/local/lib/android/sdk/ndk/26.2.11394342/toolchains/llvm/prebuilt/linux-x86_64/lib/clang/17/lib/linux/arm]
    arg [-L/usr/local/lib/android/sdk/ndk/26.2.11394342/toolchains/llvm/prebuilt/linux-x86_64/sysroot/usr/lib/arm-linux-androideabi/26] ==> dir [/usr/local/lib/android/sdk/ndk/26.2.11394342/toolchains/llvm/prebuilt/linux-x86_64/sysroot/usr/lib/arm-linux-androideabi/26]
    arg [-L/usr/local/lib/android/sdk/ndk/26.2.11394342/toolchains/llvm/prebuilt/linux-x86_64/sysroot/usr/lib/arm-linux-androideabi] ==> dir [/usr/local/lib/android/sdk/ndk/26.2.11394342/toolchains/llvm/prebuilt/linux-x86_64/sysroot/usr/lib/arm-linux-androideabi]
    arg [-L/usr/local/lib/android/sdk/ndk/26.2.11394342/toolchains/llvm/prebuilt/linux-x86_64/sysroot/usr/lib/../lib] ==> dir [/usr/local/lib/android/sdk/ndk/26.2.11394342/toolchains/llvm/prebuilt/linux-x86_64/sysroot/usr/lib/../lib]
    arg [-L/usr/local/lib/android/sdk/ndk/26.2.11394342/toolchains/llvm/prebuilt/linux-x86_64/sysroot/usr/lib] ==> dir [/usr/local/lib/android/sdk/ndk/26.2.11394342/toolchains/llvm/prebuilt/linux-x86_64/sysroot/usr/lib]
    arg [--build-id=sha1] ==> ignore
    arg [--no-rosegment] ==> ignore
    arg [--no-undefined-version] ==> ignore
    arg [--fatal-warnings] ==> ignore
    arg [--no-undefined] ==> ignore
    arg [CMakeFiles/cmTC_aa236.dir/CMakeCXXCompilerABI.cpp.o] ==> ignore
    arg [-Bstatic] ==> search static
    arg [-lc++] ==> lib [c++]
    arg [-Bdynamic] ==> search dynamic
    arg [-lm] ==> lib [m]
    arg [/usr/local/lib/android/sdk/ndk/26.2.11394342/toolchains/llvm/prebuilt/linux-x86_64/lib/clang/17/lib/linux/libclang_rt.builtins-arm-android.a] ==> lib [/usr/local/lib/android/sdk/ndk/26.2.11394342/toolchains/llvm/prebuilt/linux-x86_64/lib/clang/17/lib/linux/libclang_rt.builtins-arm-android.a]
    arg [-l:libunwind.a] ==> lib [-l:libunwind.a]
    arg [-ldl] ==> lib [dl]
    arg [-lc] ==> lib [c]
    arg [/usr/local/lib/android/sdk/ndk/26.2.11394342/toolchains/llvm/prebuilt/linux-x86_64/lib/clang/17/lib/linux/libclang_rt.builtins-arm-android.a] ==> lib [/usr/local/lib/android/sdk/ndk/26.2.11394342/toolchains/llvm/prebuilt/linux-x86_64/lib/clang/17/lib/linux/libclang_rt.builtins-arm-android.a]
    arg [-l:libunwind.a] ==> lib [-l:libunwind.a]
    arg [-ldl] ==> lib [dl]
    arg [/usr/local/lib/android/sdk/ndk/26.2.11394342/toolchains/llvm/prebuilt/linux-x86_64/sysroot/usr/lib/arm-linux-androideabi/26/crtend_android.o] ==> obj [/usr/local/lib/android/sdk/ndk/26.2.11394342/toolchains/llvm/prebuilt/linux-x86_64/sysroot/usr/lib/arm-linux-androideabi/26/crtend_android.o]
  remove lib [/usr/local/lib/android/sdk/ndk/26.2.11394342/toolchains/llvm/prebuilt/linux-x86_64/lib/clang/17/lib/linux/libclang_rt.builtins-arm-android.a]
  remove lib [/usr/local/lib/android/sdk/ndk/26.2.11394342/toolchains/llvm/prebuilt/linux-x86_64/lib/clang/17/lib/linux/libclang_rt.builtins-arm-android.a]
  collapse library dir [/usr/local/lib/android/sdk/ndk/26.2.11394342/toolchains/llvm/prebuilt/linux-x86_64/lib/clang/17/lib/linux/arm] ==> [/usr/local/lib/android/sdk/ndk/26.2.11394342/toolchains/llvm/prebuilt/linux-x86_64/lib/clang/17/lib/linux/arm]
  collapse library dir [/usr/local/lib/android/sdk/ndk/26.2.11394342/toolchains/llvm/prebuilt/linux-x86_64/sysroot/usr/lib/arm-linux-androideabi/26] ==> [/usr/local/lib/android/sdk/ndk/26.2.11394342/toolchains/llvm/prebuilt/linux-x86_64/sysroot/usr/lib/arm-linux-androideabi/26]
  collapse library dir [/usr/local/lib/android/sdk/ndk/26.2.11394342/toolchains/llvm/prebuilt/linux-x86_64/sysroot/usr/lib/arm-linux-androideabi] ==> [/usr/local/lib/android/sdk/ndk/26.2.11394342/toolchains/llvm/prebuilt/linux-x86_64/sysroot/usr/lib/arm-linux-androideabi]
  collapse library dir [/usr/local/lib/android/sdk/ndk/26.2.11394342/toolchains/llvm/prebuilt/linux-x86_64/sysroot/usr/lib/../lib] ==> [/usr/local/lib/android/sdk/ndk/26.2.11394342/toolchains/llvm/prebuilt/linux-x86_64/sysroot/usr/lib]
  collapse library dir [/usr/local/lib/android/sdk/ndk/26.2.11394342/toolchains/llvm/prebuilt/linux-x86_64/sysroot/usr/lib] ==> [/usr/local/lib/android/sdk/ndk/26.2.11394342/toolchains/llvm/prebuilt/linux-x86_64/sysroot/usr/lib]
  implicit libs: [c++;m;-l:libunwind.a;dl;c;-l:libunwind.a;dl]
  implicit objs: [/usr/local/lib/android/sdk/ndk/26.2.11394342/toolchains/llvm/prebuilt/linux-x86_64/sysroot/usr/lib/arm-linux-androideabi/26/crtbegin_dynamic.o;/usr/local/lib/android/sdk/ndk/26.2.11394342/toolchains/llvm/prebuilt/linux-x86_64/sysroot/usr/lib/arm-linux-androideabi/26/crtend_android.o]
  implicit dirs: [/usr/local/lib/android/sdk/ndk/26.2.11394342/toolchains/llvm/prebuilt/linux-x86_64/lib/clang/17/lib/linux/arm;/usr/local/lib/android/sdk/ndk/26.2.11394342/toolchains/llvm/prebuilt/linux-x86_64/sysroot/usr/lib/arm-linux-androideabi/26;/usr/local/lib/android/sdk/ndk/26.2.11394342/toolchains/llvm/prebuilt/linux-x86_64/sysroot/usr/lib/arm-linux-androideabi;/usr/local/lib/android/sdk/ndk/26.2.11394342/toolchains/llvm/prebuilt/linux-x86_64/sysroot/usr/lib]
  implicit fwks: []


Determining if the include file alloca.h exists passed with the following output:
Change Dir: /home/runner/work/GS-SAMP/GS-SAMP/app/.cxx/RelWithDebInfo/2o128314/armeabi-v7a/CMakeFiles/CMakeTmp

Run Build Command(s):/usr/local/lib/android/sdk/cmake/3.22.1/bin/ninja cmTC_f1130 && [1/2] Building C object CMakeFiles/cmTC_f1130.dir/CheckIncludeFile.c.o
[2/2] Linking C executable cmTC_f1130



Determining if the alloca exist passed with the following output:
Change Dir: /home/runner/work/GS-SAMP/GS-SAMP/app/.cxx/RelWithDebInfo/2o128314/armeabi-v7a/CMakeFiles/CMakeTmp

Run Build Command(s):/usr/local/lib/android/sdk/cmake/3.22.1/bin/ninja cmTC_7bf73 && [1/2] Building C object CMakeFiles/cmTC_7bf73.dir/CheckSymbolExists.c.o
[2/2] Linking C executable cmTC_7bf73


File /home/runner/work/GS-SAMP/GS-SAMP/app/.cxx/RelWithDebInfo/2o128314/armeabi-v7a/CMakeFiles/CMakeTmp/CheckSymbolExists.c:
/* */
#include <alloca.h>

int main(int argc, char** argv)
{
  (void)argv;
#ifndef alloca
  return ((int*)(&alloca))[argc];
#else
  (void)argc;
  return 0;
#endif
}
Determining if the function floor exists in the m passed with the following output:
Change Dir: /home/runner/work/GS-SAMP/GS-SAMP/app/.cxx/RelWithDebInfo/2o128314/armeabi-v7a/CMakeFiles/CMakeTmp

Run Build Command(s):/usr/local/lib/android/sdk/cmake/3.22.1/bin/ninja cmTC_4b1b2 && [1/2] Building C object CMakeFiles/cmTC_4b1b2.dir/CheckFunctionExists.c.o
/usr/local/lib/android/sdk/cmake/3.22.1/share/cmake-3.22/Modules/CheckFunctionExists.c:7:3: warning: incompatible redeclaration of library function 'floor' [-Wincompatible-library-redeclaration]
  CHECK_FUNCTION_EXISTS(void);
  ^
<command line>:3:31: note: expanded from macro 'CHECK_FUNCTION_EXISTS'
#define CHECK_FUNCTION_EXISTS floor
                              ^
/usr/local/lib/android/sdk/cmake/3.22.1/share/cmake-3.22/Modules/CheckFunctionExists.c:7:3: note: 'floor' is a builtin with type 'double (double)'
<command line>:3:31: note: expanded from macro 'CHECK_FUNCTION_EXISTS'
#define CHECK_FUNCTION_EXISTS floor
                              ^
1 warning generated.
[2/2] Linking C executable cmTC_4b1b2



Determining if the lrintf exist passed with the following output:
Change Dir: /home/runner/work/GS-SAMP/GS-SAMP/app/.cxx/RelWithDebInfo/2o128314/armeabi-v7a/CMakeFiles/CMakeTmp

Run Build Command(s):/usr/local/lib/android/sdk/cmake/3.22.1/bin/ninja cmTC_33ef4 && [1/2] Building C object CMakeFiles/cmTC_33ef4.dir/CheckSymbolExists.c.o
[2/2] Linking C executable cmTC_33ef4


File /home/runner/work/GS-SAMP/GS-SAMP/app/.cxx/RelWithDebInfo/2o128314/armeabi-v7a/CMakeFiles/CMakeTmp/CheckSymbolExists.c:
/* */
#include <math.h>

int main(int argc, char** argv)
{
  (void)argv;
#ifndef lrintf
  return ((int*)(&lrintf))[argc];
#else
  (void)argc;
  return 0;
#endif
}
Determining if the lrint exist passed with the following output:
Change Dir: /home/runner/work/GS-SAMP/GS-SAMP/app/.cxx/RelWithDebInfo/2o128314/armeabi-v7a/CMakeFiles/CMakeTmp

Run Build Command(s):/usr/local/lib/android/sdk/cmake/3.22.1/bin/ninja cmTC_d89ec && [1/2] Building C object CMakeFiles/cmTC_d89ec.dir/CheckSymbolExists.c.o
[2/2] Linking C executable cmTC_d89ec


File /home/runner/work/GS-SAMP/GS-SAMP/app/.cxx/RelWithDebInfo/2o128314/armeabi-v7a/CMakeFiles/CMakeTmp/CheckSymbolExists.c:
/* */
#include <math.h>

int main(int argc, char** argv)
{
  (void)argv;
#ifndef lrint
  return ((int*)(&lrint))[argc];
#else
  (void)argc;
  return 0;
#endif
}
Determining if the include file arm_neon.h exists passed with the following output:
Change Dir: /home/runner/work/GS-SAMP/GS-SAMP/app/.cxx/RelWithDebInfo/2o128314/armeabi-v7a/CMakeFiles/CMakeTmp

Run Build Command(s):/usr/local/lib/android/sdk/cmake/3.22.1/bin/ninja cmTC_0fb7e && [1/2] Building C object CMakeFiles/cmTC_0fb7e.dir/CheckIncludeFile.c.o
[2/2] Linking C executable cmTC_0fb7e



Performing C SOURCE FILE Test FAST_MATH_SUPPORTED succeeded with the following output:
Change Dir: /home/runner/work/GS-SAMP/GS-SAMP/app/.cxx/RelWithDebInfo/2o128314/armeabi-v7a/CMakeFiles/CMakeTmp

Run Build Command(s):/usr/local/lib/android/sdk/cmake/3.22.1/bin/ninja cmTC_7b204 && [1/2] Building C object CMakeFiles/cmTC_7b204.dir/src.c.o
[2/2] Linking C executable cmTC_7b204


Source file was:
int main(void) { return 0; }
Performing C SOURCE FILE Test STACK_PROTECTOR_SUPPORTED succeeded with the following output:
Change Dir: /home/runner/work/GS-SAMP/GS-SAMP/app/.cxx/RelWithDebInfo/2o128314/armeabi-v7a/CMakeFiles/CMakeTmp

Run Build Command(s):/usr/local/lib/android/sdk/cmake/3.22.1/bin/ninja cmTC_82a54 && [1/2] Building C object CMakeFiles/cmTC_82a54.dir/src.c.o
[2/2] Linking C executable cmTC_82a54


Source file was:
int main(void) { return 0; }
Performing C SOURCE FILE Test HIDDEN_VISIBILITY_SUPPORTED succeeded with the following output:
Change Dir: /home/runner/work/GS-SAMP/GS-SAMP/app/.cxx/RelWithDebInfo/2o128314/armeabi-v7a/CMakeFiles/CMakeTmp

Run Build Command(s):/usr/local/lib/android/sdk/cmake/3.22.1/bin/ninja cmTC_46a61 && [1/2] Building C object CMakeFiles/cmTC_46a61.dir/src.c.o
[2/2] Linking C executable cmTC_46a61


Source file was:
int main(void) { return 0; }
Performing C SOURCE FILE Test Wall_SUPPORTED succeeded with the following output:
Change Dir: /home/runner/work/GS-SAMP/GS-SAMP/app/.cxx/RelWithDebInfo/2o128314/armeabi-v7a/CMakeFiles/CMakeTmp

Run Build Command(s):/usr/local/lib/android/sdk/cmake/3.22.1/bin/ninja cmTC_e2c38 && [1/2] Building C object CMakeFiles/cmTC_e2c38.dir/src.c.o
[2/2] Linking C executable cmTC_e2c38


Source file was:
int main(void) { return 0; }
Performing C SOURCE FILE Test W_SUPPORTED succeeded with the following output:
Change Dir: /home/runner/work/GS-SAMP/GS-SAMP/app/.cxx/RelWithDebInfo/2o128314/armeabi-v7a/CMakeFiles/CMakeTmp

Run Build Command(s):/usr/local/lib/android/sdk/cmake/3.22.1/bin/ninja cmTC_0a351 && [1/2] Building C object CMakeFiles/cmTC_0a351.dir/src.c.o
[2/2] Linking C executable cmTC_0a351


Source file was:
int main(void) { return 0; }
Performing C SOURCE FILE Test Wstrictprototypes_SUPPORTED succeeded with the following output:
Change Dir: /home/runner/work/GS-SAMP/GS-SAMP/app/.cxx/RelWithDebInfo/2o128314/armeabi-v7a/CMakeFiles/CMakeTmp

Run Build Command(s):/usr/local/lib/android/sdk/cmake/3.22.1/bin/ninja cmTC_9747c && [1/2] Building C object CMakeFiles/cmTC_9747c.dir/src.c.o
[2/2] Linking C executable cmTC_9747c


Source file was:
int main(void) { return 0; }
Performing C SOURCE FILE Test Wextra_SUPPORTED succeeded with the following output:
Change Dir: /home/runner/work/GS-SAMP/GS-SAMP/app/.cxx/RelWithDebInfo/2o128314/armeabi-v7a/CMakeFiles/CMakeTmp

Run Build Command(s):/usr/local/lib/android/sdk/cmake/3.22.1/bin/ninja cmTC_1cbbd && [1/2] Building C object CMakeFiles/cmTC_1cbbd.dir/src.c.o
[2/2] Linking C executable cmTC_1cbbd


Source file was:
int main(void) { return 0; }
Performing C SOURCE FILE Test Wcastalign_SUPPORTED succeeded with the following output:
Change Dir: /home/runner/work/GS-SAMP/GS-SAMP/app/.cxx/RelWithDebInfo/2o128314/armeabi-v7a/CMakeFiles/CMakeTmp

Run Build Command(s):/usr/local/lib/android/sdk/cmake/3.22.1/bin/ninja cmTC_71d70 && [1/2] Building C object CMakeFiles/cmTC_71d70.dir/src.c.o
[2/2] Linking C executable cmTC_71d70


Source file was:
int main(void) { return 0; }
Performing C SOURCE FILE Test Wnestedexterns_SUPPORTED succeeded with the following output:
Change Dir: /home/runner/work/GS-SAMP/GS-SAMP/app/.cxx/RelWithDebInfo/2o128314/armeabi-v7a/CMakeFiles/CMakeTmp

Run Build Command(s):/usr/local/lib/android/sdk/cmake/3.22.1/bin/ninja cmTC_7053b && [1/2] Building C object CMakeFiles/cmTC_7053b.dir/src.c.o
[2/2] Linking C executable cmTC_7053b


Source file was:
int main(void) { return 0; }
Performing C SOURCE FILE Test Wshadow_SUPPORTED succeeded with the following output:
Change Dir: /home/runner/work/GS-SAMP/GS-SAMP/app/.cxx/RelWithDebInfo/2o128314/armeabi-v7a/CMakeFiles/CMakeTmp

Run Build Command(s):/usr/local/lib/android/sdk/cmake/3.22.1/bin/ninja cmTC_ceda9 && [1/2] Building C object CMakeFiles/cmTC_ceda9.dir/src.c.o
[2/2] Linking C executable cmTC_ceda9


Source file was:
int main(void) { return 0; }
